[edit.www.imcreator.com/viewer/vbid-154e5-glfkahjl.html]
[backblue.gif]
[fade.gif]
[index.html]
[edit.www.imcreator.com/images/ui_icons/magic_circle.png]
[edit.www.imcreator.com/js/lib/jquery/jquery-2.1.0.min.js]
[edit.www.imcreator.com/js/xprs_helper94b4.js]
[edit.www.imcreator.com/js/lib/jquery.cookie.min.js]
[edit.www.imcreator.com/js/lib/sweetalert/sweetalert.min.js]
[imos004-dot-im--os.appspot.com/js/imos94b4.js]
[edit.www.imcreator.com/js/lib/touchswipe/jquery.mobile.custom.min.js]
[edit.www.imcreator.com/viewer/vbid-154e5-glfkahjl/vbid-154e5-glfkahjl.html]
[edit.www.imcreator.com/viewer/vbid-154e5-aav8dqom.html]
[edit.www.imcreator.com/images/socialmedia/8youtube.png]
[edit.www.imcreator.com/images/ui_icons/download.png]
[edit.www.imcreator.com/images/ui_icons/delete_on.png]
[edit.www.imcreator.com/images/ui_icons/lightbox_arrow_left.png]
[edit.www.imcreator.com/images/ui_icons/lightbox_arrow_right.png]
[edit.www.imcreator.com/js/lightbox94b4.js]
[edit.www.imcreator.com/js/spimeengine94b4.js]
[edit.www.imcreator.com/viewer/vbid-154e5-glfkahjl.html]
[edit.www.imcreator.com/css/lib/font-awesome.min94b4.css]
[edit.www.imcreator.com/css/fonts94b4.css]
[edit.www.imcreator.com/css/effects94b4.css]
[edit.www.imcreator.com/css/lightbox94b4.css]
[edit.www.imcreator.com/css/spimeview94b4.css]
[edit.www.imcreator.com/images/backgrounds/1.png]
[edit.www.imcreator.com/images/x_loader.png]
[edit.www.imcreator.com/images/ui_icons/tooltip_circle.png]
[edit.www.imcreator.com/images/ui_icons/tooltip_top_left.png]
[edit.www.imcreator.com/images/ui_icons/tooltip_bottom_left.png]
[edit.www.imcreator.com/images/ui_icons/tooltip_top_right.png]
[edit.www.imcreator.com/images/ui_icons/tooltip_bottom_right.png]
[edit.www.imcreator.com/css/common94b4.css]
[edit.www.imcreator.com/js/lib/sweetalert/sweetalert.css]
[edit.www.imcreator.com/viewer/vbid-154e5-glfkahjl/vbid-154e5-glfkahjl.html]
[edit.www.imcreator.com/viewer/vbid-154e5-aav8dqom.html]
